
> clivox-admin@0.0.0 build
> tsc -b && vite build

src/App.tsx(58,44): error TS2741: Property 'nombre' is missing in type '{}' but required in type '{ nombre: any; }'.
src/components/crear-sala-form.tsx(23,23): error TS6133: 'useSearchParams' is declared but its value is never read.
src/components/crear-sala-form.tsx(39,8): error TS2307: Cannot find module '@/components/ui' or its corresponding type declarations.
src/components/crear-sala-form.tsx(54,3): error TS6133: 'ArrowLeft' is declared but its value is never read.
src/components/crear-sala-form.tsx(55,3): error TS6133: 'CheckCircle' is declared but its value is never read.
src/components/crear-sala-form.tsx(56,3): error TS6133: 'XCircle' is declared but its value is never read.
src/components/crear-sala-form.tsx(57,3): error TS6133: 'Loader2' is declared but its value is never read.
src/components/crear-sala-form.tsx(58,3): error TS6133: 'Key' is declared but its value is never read.
src/components/crear-sala-form.tsx(59,3): error TS6133: 'Zap' is declared but its value is never read.
src/components/crear-sala-form.tsx(60,3): error TS6133: 'Lock' is declared but its value is never read.
src/components/crear-sala-form.tsx(61,3): error TS6133: 'Cpu' is declared but its value is never read.
src/components/crear-sala-form.tsx(62,3): error TS6133: 'Wifi' is declared but its value is never read.
src/components/crear-sala-form.tsx(187,10): error TS6133: 'mensaje' is declared but its value is never read.
src/components/crear-sala-form.tsx(188,10): error TS6133: 'loading' is declared but its value is never read.
src/components/crear-sala-form.tsx(189,10): error TS6133: 'messageType' is declared but its value is never read.
src/components/crear-sala-form.tsx(216,66): error TS2304: Cannot find name 'email'.
src/components/crear-sala-form.tsx(284,32): error TS7006: Parameter 'e' implicitly has an 'any' type.
src/components/crear-sala-form.tsx(297,32): error TS7006: Parameter 'e' implicitly has an 'any' type.
src/components/crear-sala-form.tsx(311,30): error TS7006: Parameter 'e' implicitly has an 'any' type.
src/components/crear-sala-form.tsx(371,32): error TS7006: Parameter 'e' implicitly has an 'any' type.
src/components/crear-sala-form.tsx(383,32): error TS7006: Parameter 'e' implicitly has an 'any' type.
src/components/crear-sala-form.tsx(396,32): error TS7006: Parameter 'e' implicitly has an 'any' type.
src/components/crear-sala-form.tsx(419,30): error TS7006: Parameter 'e' implicitly has an 'any' type.
src/components/crear-sala-form.tsx(425,30): error TS7006: Parameter 'e' implicitly has an 'any' type.
src/components/dashboard.tsx(1,1): error TS6133: 'React' is declared but its value is never read.
src/components/dashboard.tsx(4,22): error TS7031: Binding element 'nombre' implicitly has an 'any' type.
src/components/InstructorDashboard.tsx(1,8): error TS6133: 'React' is declared but its value is never read.
src/components/InstructorDashboard.tsx(12,3): error TS6133: 'Zap' is declared but its value is never read.
src/components/InstructorDashboard.tsx(20,3): error TS6133: 'Globe' is declared but its value is never read.
src/components/InstructorDashboard.tsx(23,3): error TS6133: 'Power' is declared but its value is never read.
src/components/InstructorDashboard.tsx(27,3): error TS6133: 'MessageSquare' is declared but its value is never read.
src/components/InstructorDashboard.tsx(29,3): error TS6133: 'Star' is declared but its value is never read.
src/components/InstructorDashboard.tsx(33,3): error TS6133: 'Pause' is declared but its value is never read.
src/components/InstructorDashboard.tsx(34,3): error TS6133: 'RotateCcw' is declared but its value is never read.
src/components/InstructorDashboard.tsx(39,10): error TS6133: 'systemStatus' is declared but its value is never read.
src/components/InstructorDashboard.tsx(39,24): error TS6133: 'setSystemStatus' is declared but its value is never read.
src/components/InstructorDashboardVIE.tsx(3,1): error TS6133: 'React' is declared but its value is never read.
src/components/InstructorDashboardVIE.tsx(4,35): error TS1149: File name 'C:/GBerton2025/Desarrollo/clivox/clivox-admin/src/components/ui/Card.tsx' differs from already included file name 'C:/GBerton2025/Desarrollo/clivox/clivox-admin/src/components/ui/card.tsx' only in casing.
  The file is in the program because:
    Imported via "./ui/card" from file 'C:/GBerton2025/Desarrollo/clivox/clivox-admin/src/components/MiPerfil.tsx'
    Imported via './ui/card' from file 'C:/GBerton2025/Desarrollo/clivox/clivox-admin/src/components/Organizaciones.tsx'
    Imported via "./ui/Card" from file 'C:/GBerton2025/Desarrollo/clivox/clivox-admin/src/components/InstructorDashboardVIE.tsx'
    Matched by include pattern 'src' in 'C:/GBerton2025/Desarrollo/clivox/clivox-admin/tsconfig.app.json'
    Imported via "./card" from file 'C:/GBerton2025/Desarrollo/clivox/clivox-admin/src/components/ui/index.ts'
src/components/InstructorDashboardVIE.tsx(5,24): error TS1149: File name 'C:/GBerton2025/Desarrollo/clivox/clivox-admin/src/components/ui/Button.tsx' differs from already included file name 'C:/GBerton2025/Desarrollo/clivox/clivox-admin/src/components/ui/button.tsx' only in casing.
  The file is in the program because:
    Imported via "./ui/button" from file 'C:/GBerton2025/Desarrollo/clivox/clivox-admin/src/components/MiPerfil.tsx'
    Imported via './ui/button' from file 'C:/GBerton2025/Desarrollo/clivox/clivox-admin/src/components/Organizaciones.tsx'
    Imported via "./ui/Button" from file 'C:/GBerton2025/Desarrollo/clivox/clivox-admin/src/components/InstructorDashboardVIE.tsx'
    Matched by include pattern 'src' in 'C:/GBerton2025/Desarrollo/clivox/clivox-admin/tsconfig.app.json'
    Imported via "./button" from file 'C:/GBerton2025/Desarrollo/clivox/clivox-admin/src/components/ui/index.ts'
src/components/Login.tsx(3,16): error TS6133: 'Lock' is declared but its value is never read.
src/components/LoginQR.tsx(5,19): error TS2307: Cannot find module 'axios' or its corresponding type declarations.
src/components/LoginQR.tsx(10,10): error TS6133: 'uuid' is declared but its value is never read.
src/components/Organizaciones.tsx(2,27): error TS6133: 'LayoutGrid' is declared but its value is never read.
src/components/Organizaciones.tsx(2,47): error TS6133: 'ListIcon' is declared but its value is never read.
src/components/SalasPendientes.tsx(3,8): error TS6133: 'React' is declared but its value is never read.
src/components/SalasPendientes.tsx(4,52): error TS6133: 'CardDescription' is declared but its value is never read.
src/components/SalasPendientes.tsx(4,75): error TS2307: Cannot find module '@/components/ui/card' or its corresponding type declarations.
src/components/SalasPendientes.tsx(5,24): error TS2307: Cannot find module '@/components/ui/button' or its corresponding type declarations.
src/components/SalasPendientes.tsx(6,23): error TS2307: Cannot find module '@/components/ui/badge' or its corresponding type declarations.
src/components/SalasPendientes.tsx(8,26): error TS2307: Cannot find module '@/components/ui/use-toast' or its corresponding type declarations.
src/components/ui/accordion.tsx(7,20): error TS2307: Cannot find module '@/lib/utils' or its corresponding type declarations.
src/components/ui/alert-dialog.tsx(6,20): error TS2307: Cannot find module '@/lib/utils' or its corresponding type declarations.
src/components/ui/alert-dialog.tsx(7,32): error TS2307: Cannot find module '@/components/ui/button' or its corresponding type declarations.
src/components/ui/alert.tsx(4,20): error TS2307: Cannot find module '@/lib/utils' or its corresponding type declarations.
src/components/ui/avatar.tsx(6,20): error TS2307: Cannot find module '@/lib/utils' or its corresponding type declarations.
src/components/ui/badge.tsx(4,20): error TS2307: Cannot find module '@/lib/utils' or its corresponding type declarations.
src/components/ui/breadcrumb.tsx(5,20): error TS2307: Cannot find module '@/lib/utils' or its corresponding type declarations.
src/components/ui/button.tsx(5,20): error TS2307: Cannot find module '@/lib/utils' or its corresponding type declarations.
src/components/ui/calendar.tsx(5,27): error TS2307: Cannot find module 'react-day-picker' or its corresponding type declarations.
src/components/ui/calendar.tsx(7,20): error TS2307: Cannot find module '@/lib/utils' or its corresponding type declarations.
src/components/ui/calendar.tsx(8,32): error TS2307: Cannot find module '@/components/ui/button' or its corresponding type declarations.
src/components/ui/calendar.tsx(57,20): error TS6133: 'props' is declared but its value is never read.
src/components/ui/calendar.tsx(58,21): error TS6133: 'props' is declared but its value is never read.
src/components/ui/card.tsx(3,20): error TS2307: Cannot find module '@/lib/utils' or its corresponding type declarations.
src/components/ui/carousel.tsx(6,8): error TS2307: Cannot find module 'embla-carousel-react' or its corresponding type declarations.
src/components/ui/carousel.tsx(9,20): error TS2307: Cannot find module '@/lib/utils' or its corresponding type declarations.
src/components/ui/carousel.tsx(10,24): error TS2307: Cannot find module '@/components/ui/button' or its corresponding type declarations.
src/components/ui/chart.tsx(4,36): error TS2307: Cannot find module 'recharts' or its corresponding type declarations.
src/components/ui/chart.tsx(6,20): error TS2307: Cannot find module '@/lib/utils' or its corresponding type declarations.
src/components/ui/chart.tsx(188,25): error TS7006: Parameter 'item' implicitly has an 'any' type.
src/components/ui/chart.tsx(188,31): error TS7006: Parameter 'index' implicitly has an 'any' type.
src/components/ui/chart.tsx(288,23): error TS7006: Parameter 'item' implicitly has an 'any' type.
src/components/ui/checkbox.tsx(7,20): error TS2307: Cannot find module '@/lib/utils' or its corresponding type declarations.
src/components/ui/command.tsx(5,45): error TS2307: Cannot find module 'cmdk' or its corresponding type declarations.
src/components/ui/command.tsx(8,20): error TS2307: Cannot find module '@/lib/utils' or its corresponding type declarations.
src/components/ui/command.tsx(9,39): error TS2307: Cannot find module '@/components/ui/dialog' or its corresponding type declarations.
src/components/ui/context-menu.tsx(7,20): error TS2307: Cannot find module '@/lib/utils' or its corresponding type declarations.
src/components/ui/dialog.tsx(7,20): error TS2307: Cannot find module '@/lib/utils' or its corresponding type declarations.
src/components/ui/drawer.tsx(4,43): error TS2307: Cannot find module 'vaul' or its corresponding type declarations.
src/components/ui/drawer.tsx(6,20): error TS2307: Cannot find module '@/lib/utils' or its corresponding type declarations.
src/components/ui/dropdown-menu.tsx(7,20): error TS2307: Cannot find module '@/lib/utils' or its corresponding type declarations.
src/components/ui/form.tsx(15,20): error TS2307: Cannot find module '@/lib/utils' or its corresponding type declarations.
src/components/ui/form.tsx(16,23): error TS2307: Cannot find module '@/components/ui/label' or its corresponding type declarations.
src/components/ui/hover-card.tsx(6,20): error TS2307: Cannot find module '@/lib/utils' or its corresponding type declarations.
src/components/ui/input-otp.tsx(4,43): error TS2307: Cannot find module 'input-otp' or its corresponding type declarations.
src/components/ui/input-otp.tsx(7,20): error TS2307: Cannot find module '@/lib/utils' or its corresponding type declarations.
src/components/ui/input-otp.tsx(38,44): error TS18046: 'inputOTPContext' is of type 'unknown'.
src/components/ui/input.tsx(3,20): error TS2307: Cannot find module '@/lib/utils' or its corresponding type declarations.
src/components/ui/label.tsx(7,20): error TS2307: Cannot find module '@/lib/utils' or its corresponding type declarations.
src/components/ui/menubar.tsx(7,20): error TS2307: Cannot find module '@/lib/utils' or its corresponding type declarations.
src/components/ui/navigation-menu.tsx(6,20): error TS2307: Cannot find module '@/lib/utils' or its corresponding type declarations.
src/components/ui/pagination.tsx(4,20): error TS2307: Cannot find module '@/lib/utils' or its corresponding type declarations.
src/components/ui/pagination.tsx(5,45): error TS2307: Cannot find module '@/components/ui/button' or its corresponding type declarations.
src/components/ui/pagination.tsx(68,5): error TS2783: 'size' is specified more than once, so this usage will be overwritten.
src/components/ui/pagination.tsx(84,5): error TS2783: 'size' is specified more than once, so this usage will be overwritten.
src/components/ui/popover.tsx(6,20): error TS2307: Cannot find module '@/lib/utils' or its corresponding type declarations.
src/components/ui/progress.tsx(6,20): error TS2307: Cannot find module '@/lib/utils' or its corresponding type declarations.
src/components/ui/radio-group.tsx(7,20): error TS2307: Cannot find module '@/lib/utils' or its corresponding type declarations.
src/components/ui/resizable.tsx(4,37): error TS2307: Cannot find module 'react-resizable-panels' or its corresponding type declarations.
src/components/ui/resizable.tsx(6,20): error TS2307: Cannot find module '@/lib/utils' or its corresponding type declarations.
src/components/ui/scroll-area.tsx(6,20): error TS2307: Cannot find module '@/lib/utils' or its corresponding type declarations.
src/components/ui/select.tsx(7,20): error TS2307: Cannot find module '@/lib/utils' or its corresponding type declarations.
src/components/ui/selectNUE.tsx(7,20): error TS2307: Cannot find module '@/lib/utils' or its corresponding type declarations.
src/components/ui/separator.tsx(6,20): error TS2307: Cannot find module '@/lib/utils' or its corresponding type declarations.
src/components/ui/sheet.tsx(8,20): error TS2307: Cannot find module '@/lib/utils' or its corresponding type declarations.
src/components/ui/sidebar.tsx(8,29): error TS2307: Cannot find module '@/hooks/use-mobile' or its corresponding type declarations.
src/components/ui/sidebar.tsx(9,20): error TS2307: Cannot find module '@/lib/utils' or its corresponding type declarations.
src/components/ui/sidebar.tsx(10,24): error TS2307: Cannot find module '@/components/ui/button' or its corresponding type declarations.
src/components/ui/sidebar.tsx(11,23): error TS2307: Cannot find module '@/components/ui/input' or its corresponding type declarations.
src/components/ui/sidebar.tsx(12,27): error TS2307: Cannot find module '@/components/ui/separator' or its corresponding type declarations.
src/components/ui/sidebar.tsx(13,37): error TS2307: Cannot find module '@/components/ui/sheet' or its corresponding type declarations.
src/components/ui/sidebar.tsx(14,26): error TS2307: Cannot find module '@/components/ui/skeleton' or its corresponding type declarations.
src/components/ui/sidebar.tsx(20,8): error TS2307: Cannot find module '@/components/ui/tooltip' or its corresponding type declarations.
src/components/ui/sidebar.tsx(275,17): error TS7006: Parameter 'event' implicitly has an 'any' type.
src/components/ui/skeleton.tsx(1,20): error TS2307: Cannot find module '@/lib/utils' or its corresponding type declarations.
src/components/ui/slider.tsx(6,20): error TS2307: Cannot find module '@/lib/utils' or its corresponding type declarations.
src/components/ui/sonner.tsx(3,26): error TS2307: Cannot find module 'next-themes' or its corresponding type declarations.
src/components/ui/sonner.tsx(4,35): error TS2307: Cannot find module 'sonner' or its corresponding type declarations.
src/components/ui/switch.tsx(6,20): error TS2307: Cannot find module '@/lib/utils' or its corresponding type declarations.
src/components/ui/table.tsx(3,20): error TS2307: Cannot find module '@/lib/utils' or its corresponding type declarations.
src/components/ui/tabs.tsx(6,20): error TS2307: Cannot find module '@/lib/utils' or its corresponding type declarations.
src/components/ui/textarea.tsx(3,20): error TS2307: Cannot find module '@/lib/utils' or its corresponding type declarations.
src/components/ui/toast.tsx(8,20): error TS2307: Cannot find module '@/lib/utils' or its corresponding type declarations.
src/components/ui/toaster.tsx(3,26): error TS2307: Cannot find module '@/hooks/use-toast' or its corresponding type declarations.
src/components/ui/toaster.tsx(11,8): error TS2307: Cannot find module '@/components/ui/toast' or its corresponding type declarations.
src/components/ui/toaster.tsx(18,31): error TS7031: Binding element 'id' implicitly has an 'any' type.
src/components/ui/toaster.tsx(18,35): error TS7031: Binding element 'title' implicitly has an 'any' type.
src/components/ui/toaster.tsx(18,42): error TS7031: Binding element 'description' implicitly has an 'any' type.
src/components/ui/toaster.tsx(18,55): error TS7031: Binding element 'action' implicitly has an 'any' type.
src/components/ui/toggle-group.tsx(7,20): error TS2307: Cannot find module '@/lib/utils' or its corresponding type declarations.
src/components/ui/toggle-group.tsx(8,32): error TS2307: Cannot find module '@/components/ui/toggle' or its corresponding type declarations.
src/components/ui/toggle-group.tsx(22,4): error TS2322: Type '{ children: Element; ref: ForwardedRef<HTMLDivElement>; className: any; } | { children: Element; ref: ForwardedRef<HTMLDivElement>; className: any; }' is not assignable to type 'IntrinsicAttributes & ((ToggleGroupSingleProps | ToggleGroupMultipleProps) & RefAttributes<HTMLDivElement>)'.
  Type '{ children: Element; ref: ForwardedRef<HTMLDivElement>; className: any; }' is not assignable to type 'IntrinsicAttributes & ((ToggleGroupSingleProps | ToggleGroupMultipleProps) & RefAttributes<HTMLDivElement>)'.
    Property 'type' is missing in type '{ children: Element; ref: ForwardedRef<HTMLDivElement>; className: any; }' but required in type 'ToggleGroupMultipleProps'.
src/components/ui/toggle-group.tsx(43,6): error TS2741: Property 'value' is missing in type '{ children: any; ref: ForwardedRef<HTMLButtonElement>; className: any; }' but required in type 'Omit<ToggleGroupItemImplProps, "pressed">'.
src/components/ui/toggle.tsx(7,20): error TS2307: Cannot find module '@/lib/utils' or its corresponding type declarations.
src/components/ui/tooltip.tsx(6,20): error TS2307: Cannot find module '@/lib/utils' or its corresponding type declarations.
src/components/ui/use-toast.ts(9,8): error TS2307: Cannot find module '@/components/ui/toast' or its corresponding type declarations.
src/components/ui/use-toast.ts(161,22): error TS7006: Parameter 'open' implicitly has an 'any' type.
src/components/usuarios_dashboard.tsx(46,24): error TS6133: 'setProximoCurso' is declared but its value is never read.
src/components/validacodigo.tsx(3,10): error TS6133: 'Shield' is declared but its value is never read.
src/components/validacodigo.tsx(3,71): error TS6133: 'Sparkles' is declared but its value is never read.
src/components/validacodigo.tsx(245,27): error TS2322: Type '(el: HTMLInputElement | null) => HTMLInputElement | null' is not assignable to type 'Ref<HTMLInputElement> | undefined'.
  Type '(el: HTMLInputElement | null) => HTMLInputElement | null' is not assignable to type '(instance: HTMLInputElement | null) => void | (() => VoidOrUndefinedOnly)'.
    Type 'HTMLInputElement | null' is not assignable to type 'void | (() => VoidOrUndefinedOnly)'.
      Type 'null' is not assignable to type 'void | (() => VoidOrUndefinedOnly)'.
src/components/VerificarQR.tsx(7,19): error TS2307: Cannot find module 'axios' or its corresponding type declarations.
src/components/VerificarQR.tsx(24,13): error TS7006: Parameter 'res' implicitly has an 'any' type.
src/layout.tsx(1,31): error TS2307: Cannot find module 'next' or its corresponding type declarations.
src/layout.tsx(2,23): error TS2307: Cannot find module 'next/font/google' or its corresponding type declarations.
error TS6305: Output file 'C:/GBerton2025/Desarrollo/clivox/clivox-admin/src/App.d.ts' has not been built from source file 'C:/GBerton2025/Desarrollo/clivox/clivox-admin/src/App.tsx'.
  The file is in the program because:
    Matched by include pattern 'src' in 'C:/GBerton2025/Desarrollo/clivox/clivox-admin/tsconfig.json'
error TS6305: Output file 'C:/GBerton2025/Desarrollo/clivox/clivox-admin/src/components/AdminDashboard.d.ts' has not been built from source file 'C:/GBerton2025/Desarrollo/clivox/clivox-admin/src/components/AdminDashboard.tsx'.
  The file is in the program because:
    Matched by include pattern 'src' in 'C:/GBerton2025/Desarrollo/clivox/clivox-admin/tsconfig.json'
error TS6305: Output file 'C:/GBerton2025/Desarrollo/clivox/clivox-admin/src/components/CodeVerification.d.ts' has not been built from source file 'C:/GBerton2025/Desarrollo/clivox/clivox-admin/src/components/CodeVerification.tsx'.
  The file is in the program because:
    Matched by include pattern 'src' in 'C:/GBerton2025/Desarrollo/clivox/clivox-admin/tsconfig.json'
error TS6305: Output file 'C:/GBerton2025/Desarrollo/clivox/clivox-admin/src/components/InstructorDashboard.d.ts' has not been built from source file 'C:/GBerton2025/Desarrollo/clivox/clivox-admin/src/components/InstructorDashboard.tsx'.
  The file is in the program because:
    Matched by include pattern 'src' in 'C:/GBerton2025/Desarrollo/clivox/clivox-admin/tsconfig.json'
error TS6305: Output file 'C:/GBerton2025/Desarrollo/clivox/clivox-admin/src/components/InstructorDashboardVIE.d.ts' has not been built from source file 'C:/GBerton2025/Desarrollo/clivox/clivox-admin/src/components/InstructorDashboardVIE.tsx'.
  The file is in the program because:
    Matched by include pattern 'src' in 'C:/GBerton2025/Desarrollo/clivox/clivox-admin/tsconfig.json'
error TS6305: Output file 'C:/GBerton2025/Desarrollo/clivox/clivox-admin/src/components/Login.d.ts' has not been built from source file 'C:/GBerton2025/Desarrollo/clivox/clivox-admin/src/components/Login.tsx'.
  The file is in the program because:
    Matched by include pattern 'src' in 'C:/GBerton2025/Desarrollo/clivox/clivox-admin/tsconfig.json'
error TS6305: Output file 'C:/GBerton2025/Desarrollo/clivox/clivox-admin/src/components/LoginNue22.d.ts' has not been built from source file 'C:/GBerton2025/Desarrollo/clivox/clivox-admin/src/components/LoginNue22.tsx'.
  The file is in the program because:
    Matched by include pattern 'src' in 'C:/GBerton2025/Desarrollo/clivox/clivox-admin/tsconfig.json'
error TS6305: Output file 'C:/GBerton2025/Desarrollo/clivox/clivox-admin/src/components/LoginQR.d.ts' has not been built from source file 'C:/GBerton2025/Desarrollo/clivox/clivox-admin/src/components/LoginQR.tsx'.
  The file is in the program because:
    Matched by include pattern 'src' in 'C:/GBerton2025/Desarrollo/clivox/clivox-admin/tsconfig.json'
error TS6305: Output file 'C:/GBerton2025/Desarrollo/clivox/clivox-admin/src/components/MiPerfil.d.ts' has not been built from source file 'C:/GBerton2025/Desarrollo/clivox/clivox-admin/src/components/MiPerfil.tsx'.
  The file is in the program because:
    Matched by include pattern 'src' in 'C:/GBerton2025/Desarrollo/clivox/clivox-admin/tsconfig.json'
error TS6305: Output file 'C:/GBerton2025/Desarrollo/clivox/clivox-admin/src/components/Organizaciones.d.ts' has not been built from source file 'C:/GBerton2025/Desarrollo/clivox/clivox-admin/src/components/Organizaciones.tsx'.
  The file is in the program because:
    Matched by include pattern 'src' in 'C:/GBerton2025/Desarrollo/clivox/clivox-admin/tsconfig.json'
error TS6305: Output file 'C:/GBerton2025/Desarrollo/clivox/clivox-admin/src/components/SalasPendientes.d.ts' has not been built from source file 'C:/GBerton2025/Desarrollo/clivox/clivox-admin/src/components/SalasPendientes.tsx'.
  The file is in the program because:
    Matched by include pattern 'src' in 'C:/GBerton2025/Desarrollo/clivox/clivox-admin/tsconfig.json'
error TS6305: Output file 'C:/GBerton2025/Desarrollo/clivox/clivox-admin/src/components/VerificarQR.d.ts' has not been built from source file 'C:/GBerton2025/Desarrollo/clivox/clivox-admin/src/components/VerificarQR.tsx'.
  The file is in the program because:
    Matched by include pattern 'src' in 'C:/GBerton2025/Desarrollo/clivox/clivox-admin/tsconfig.json'
error TS6305: Output file 'C:/GBerton2025/Desarrollo/clivox/clivox-admin/src/components/crear-sala-form.d.ts' has not been built from source file 'C:/GBerton2025/Desarrollo/clivox/clivox-admin/src/components/crear-sala-form.tsx'.
  The file is in the program because:
    Matched by include pattern 'src' in 'C:/GBerton2025/Desarrollo/clivox/clivox-admin/tsconfig.json'
error TS6305: Output file 'C:/GBerton2025/Desarrollo/clivox/clivox-admin/src/components/dashboard.d.ts' has not been built from source file 'C:/GBerton2025/Desarrollo/clivox/clivox-admin/src/components/dashboard.tsx'.
  The file is in the program because:
    Matched by include pattern 'src' in 'C:/GBerton2025/Desarrollo/clivox/clivox-admin/tsconfig.json'
error TS6305: Output file 'C:/GBerton2025/Desarrollo/clivox/clivox-admin/src/components/ui/accordion.d.ts' has not been built from source file 'C:/GBerton2025/Desarrollo/clivox/clivox-admin/src/components/ui/accordion.tsx'.
  The file is in the program because:
    Matched by include pattern 'src' in 'C:/GBerton2025/Desarrollo/clivox/clivox-admin/tsconfig.json'
error TS6305: Output file 'C:/GBerton2025/Desarrollo/clivox/clivox-admin/src/components/ui/alert-dialog.d.ts' has not been built from source file 'C:/GBerton2025/Desarrollo/clivox/clivox-admin/src/components/ui/alert-dialog.tsx'.
  The file is in the program because:
    Matched by include pattern 'src' in 'C:/GBerton2025/Desarrollo/clivox/clivox-admin/tsconfig.json'
error TS6305: Output file 'C:/GBerton2025/Desarrollo/clivox/clivox-admin/src/components/ui/alert.d.ts' has not been built from source file 'C:/GBerton2025/Desarrollo/clivox/clivox-admin/src/components/ui/alert.tsx'.
  The file is in the program because:
    Matched by include pattern 'src' in 'C:/GBerton2025/Desarrollo/clivox/clivox-admin/tsconfig.json'
error TS6305: Output file 'C:/GBerton2025/Desarrollo/clivox/clivox-admin/src/components/ui/aspect-ratio.d.ts' has not been built from source file 'C:/GBerton2025/Desarrollo/clivox/clivox-admin/src/components/ui/aspect-ratio.tsx'.
  The file is in the program because:
    Matched by include pattern 'src' in 'C:/GBerton2025/Desarrollo/clivox/clivox-admin/tsconfig.json'
error TS6305: Output file 'C:/GBerton2025/Desarrollo/clivox/clivox-admin/src/components/ui/avatar.d.ts' has not been built from source file 'C:/GBerton2025/Desarrollo/clivox/clivox-admin/src/components/ui/avatar.tsx'.
  The file is in the program because:
    Matched by include pattern 'src' in 'C:/GBerton2025/Desarrollo/clivox/clivox-admin/tsconfig.json'
error TS6305: Output file 'C:/GBerton2025/Desarrollo/clivox/clivox-admin/src/components/ui/badge.d.ts' has not been built from source file 'C:/GBerton2025/Desarrollo/clivox/clivox-admin/src/components/ui/badge.tsx'.
  The file is in the program because:
    Matched by include pattern 'src' in 'C:/GBerton2025/Desarrollo/clivox/clivox-admin/tsconfig.json'
error TS6305: Output file 'C:/GBerton2025/Desarrollo/clivox/clivox-admin/src/components/ui/breadcrumb.d.ts' has not been built from source file 'C:/GBerton2025/Desarrollo/clivox/clivox-admin/src/components/ui/breadcrumb.tsx'.
  The file is in the program because:
    Matched by include pattern 'src' in 'C:/GBerton2025/Desarrollo/clivox/clivox-admin/tsconfig.json'
error TS6305: Output file 'C:/GBerton2025/Desarrollo/clivox/clivox-admin/src/components/ui/button.d.ts' has not been built from source file 'C:/GBerton2025/Desarrollo/clivox/clivox-admin/src/components/ui/button.tsx'.
  The file is in the program because:
    Matched by include pattern 'src' in 'C:/GBerton2025/Desarrollo/clivox/clivox-admin/tsconfig.json'
error TS6305: Output file 'C:/GBerton2025/Desarrollo/clivox/clivox-admin/src/components/ui/calendar.d.ts' has not been built from source file 'C:/GBerton2025/Desarrollo/clivox/clivox-admin/src/components/ui/calendar.tsx'.
  The file is in the program because:
    Matched by include pattern 'src' in 'C:/GBerton2025/Desarrollo/clivox/clivox-admin/tsconfig.json'
error TS6305: Output file 'C:/GBerton2025/Desarrollo/clivox/clivox-admin/src/components/ui/card.d.ts' has not been built from source file 'C:/GBerton2025/Desarrollo/clivox/clivox-admin/src/components/ui/card.tsx'.
  The file is in the program because:
    Matched by include pattern 'src' in 'C:/GBerton2025/Desarrollo/clivox/clivox-admin/tsconfig.json'
error TS6305: Output file 'C:/GBerton2025/Desarrollo/clivox/clivox-admin/src/components/ui/carousel.d.ts' has not been built from source file 'C:/GBerton2025/Desarrollo/clivox/clivox-admin/src/components/ui/carousel.tsx'.
  The file is in the program because:
    Matched by include pattern 'src' in 'C:/GBerton2025/Desarrollo/clivox/clivox-admin/tsconfig.json'
error TS6305: Output file 'C:/GBerton2025/Desarrollo/clivox/clivox-admin/src/components/ui/chart.d.ts' has not been built from source file 'C:/GBerton2025/Desarrollo/clivox/clivox-admin/src/components/ui/chart.tsx'.
  The file is in the program because:
    Matched by include pattern 'src' in 'C:/GBerton2025/Desarrollo/clivox/clivox-admin/tsconfig.json'
error TS6305: Output file 'C:/GBerton2025/Desarrollo/clivox/clivox-admin/src/components/ui/checkbox.d.ts' has not been built from source file 'C:/GBerton2025/Desarrollo/clivox/clivox-admin/src/components/ui/checkbox.tsx'.
  The file is in the program because:
    Matched by include pattern 'src' in 'C:/GBerton2025/Desarrollo/clivox/clivox-admin/tsconfig.json'
error TS6305: Output file 'C:/GBerton2025/Desarrollo/clivox/clivox-admin/src/components/ui/collapsible.d.ts' has not been built from source file 'C:/GBerton2025/Desarrollo/clivox/clivox-admin/src/components/ui/collapsible.tsx'.
  The file is in the program because:
    Matched by include pattern 'src' in 'C:/GBerton2025/Desarrollo/clivox/clivox-admin/tsconfig.json'
error TS6305: Output file 'C:/GBerton2025/Desarrollo/clivox/clivox-admin/src/components/ui/command.d.ts' has not been built from source file 'C:/GBerton2025/Desarrollo/clivox/clivox-admin/src/components/ui/command.tsx'.
  The file is in the program because:
    Matched by include pattern 'src' in 'C:/GBerton2025/Desarrollo/clivox/clivox-admin/tsconfig.json'
error TS6305: Output file 'C:/GBerton2025/Desarrollo/clivox/clivox-admin/src/components/ui/context-menu.d.ts' has not been built from source file 'C:/GBerton2025/Desarrollo/clivox/clivox-admin/src/components/ui/context-menu.tsx'.
  The file is in the program because:
    Matched by include pattern 'src' in 'C:/GBerton2025/Desarrollo/clivox/clivox-admin/tsconfig.json'
error TS6305: Output file 'C:/GBerton2025/Desarrollo/clivox/clivox-admin/src/components/ui/dialog.d.ts' has not been built from source file 'C:/GBerton2025/Desarrollo/clivox/clivox-admin/src/components/ui/dialog.tsx'.
  The file is in the program because:
    Matched by include pattern 'src' in 'C:/GBerton2025/Desarrollo/clivox/clivox-admin/tsconfig.json'
error TS6305: Output file 'C:/GBerton2025/Desarrollo/clivox/clivox-admin/src/components/ui/drawer.d.ts' has not been built from source file 'C:/GBerton2025/Desarrollo/clivox/clivox-admin/src/components/ui/drawer.tsx'.
  The file is in the program because:
    Matched by include pattern 'src' in 'C:/GBerton2025/Desarrollo/clivox/clivox-admin/tsconfig.json'
error TS6305: Output file 'C:/GBerton2025/Desarrollo/clivox/clivox-admin/src/components/ui/dropdown-menu.d.ts' has not been built from source file 'C:/GBerton2025/Desarrollo/clivox/clivox-admin/src/components/ui/dropdown-menu.tsx'.
  The file is in the program because:
    Matched by include pattern 'src' in 'C:/GBerton2025/Desarrollo/clivox/clivox-admin/tsconfig.json'
error TS6305: Output file 'C:/GBerton2025/Desarrollo/clivox/clivox-admin/src/components/ui/form.d.ts' has not been built from source file 'C:/GBerton2025/Desarrollo/clivox/clivox-admin/src/components/ui/form.tsx'.
  The file is in the program because:
    Matched by include pattern 'src' in 'C:/GBerton2025/Desarrollo/clivox/clivox-admin/tsconfig.json'
error TS6305: Output file 'C:/GBerton2025/Desarrollo/clivox/clivox-admin/src/components/ui/hover-card.d.ts' has not been built from source file 'C:/GBerton2025/Desarrollo/clivox/clivox-admin/src/components/ui/hover-card.tsx'.
  The file is in the program because:
    Matched by include pattern 'src' in 'C:/GBerton2025/Desarrollo/clivox/clivox-admin/tsconfig.json'
error TS6305: Output file 'C:/GBerton2025/Desarrollo/clivox/clivox-admin/src/components/ui/index.d.ts' has not been built from source file 'C:/GBerton2025/Desarrollo/clivox/clivox-admin/src/components/ui/index.ts'.
  The file is in the program because:
    Matched by include pattern 'src' in 'C:/GBerton2025/Desarrollo/clivox/clivox-admin/tsconfig.json'
error TS6305: Output file 'C:/GBerton2025/Desarrollo/clivox/clivox-admin/src/components/ui/input-otp.d.ts' has not been built from source file 'C:/GBerton2025/Desarrollo/clivox/clivox-admin/src/components/ui/input-otp.tsx'.
  The file is in the program because:
    Matched by include pattern 'src' in 'C:/GBerton2025/Desarrollo/clivox/clivox-admin/tsconfig.json'
error TS6305: Output file 'C:/GBerton2025/Desarrollo/clivox/clivox-admin/src/components/ui/input.d.ts' has not been built from source file 'C:/GBerton2025/Desarrollo/clivox/clivox-admin/src/components/ui/input.tsx'.
  The file is in the program because:
    Matched by include pattern 'src' in 'C:/GBerton2025/Desarrollo/clivox/clivox-admin/tsconfig.json'
error TS6305: Output file 'C:/GBerton2025/Desarrollo/clivox/clivox-admin/src/components/ui/label.d.ts' has not been built from source file 'C:/GBerton2025/Desarrollo/clivox/clivox-admin/src/components/ui/label.tsx'.
  The file is in the program because:
    Matched by include pattern 'src' in 'C:/GBerton2025/Desarrollo/clivox/clivox-admin/tsconfig.json'
error TS6305: Output file 'C:/GBerton2025/Desarrollo/clivox/clivox-admin/src/components/ui/menubar.d.ts' has not been built from source file 'C:/GBerton2025/Desarrollo/clivox/clivox-admin/src/components/ui/menubar.tsx'.
  The file is in the program because:
    Matched by include pattern 'src' in 'C:/GBerton2025/Desarrollo/clivox/clivox-admin/tsconfig.json'
error TS6305: Output file 'C:/GBerton2025/Desarrollo/clivox/clivox-admin/src/components/ui/navigation-menu.d.ts' has not been built from source file 'C:/GBerton2025/Desarrollo/clivox/clivox-admin/src/components/ui/navigation-menu.tsx'.
  The file is in the program because:
    Matched by include pattern 'src' in 'C:/GBerton2025/Desarrollo/clivox/clivox-admin/tsconfig.json'
error TS6305: Output file 'C:/GBerton2025/Desarrollo/clivox/clivox-admin/src/components/ui/pagination.d.ts' has not been built from source file 'C:/GBerton2025/Desarrollo/clivox/clivox-admin/src/components/ui/pagination.tsx'.
  The file is in the program because:
    Matched by include pattern 'src' in 'C:/GBerton2025/Desarrollo/clivox/clivox-admin/tsconfig.json'
error TS6305: Output file 'C:/GBerton2025/Desarrollo/clivox/clivox-admin/src/components/ui/popover.d.ts' has not been built from source file 'C:/GBerton2025/Desarrollo/clivox/clivox-admin/src/components/ui/popover.tsx'.
  The file is in the program because:
    Matched by include pattern 'src' in 'C:/GBerton2025/Desarrollo/clivox/clivox-admin/tsconfig.json'
error TS6305: Output file 'C:/GBerton2025/Desarrollo/clivox/clivox-admin/src/components/ui/progress.d.ts' has not been built from source file 'C:/GBerton2025/Desarrollo/clivox/clivox-admin/src/components/ui/progress.tsx'.
  The file is in the program because:
    Matched by include pattern 'src' in 'C:/GBerton2025/Desarrollo/clivox/clivox-admin/tsconfig.json'
error TS6305: Output file 'C:/GBerton2025/Desarrollo/clivox/clivox-admin/src/components/ui/radio-group.d.ts' has not been built from source file 'C:/GBerton2025/Desarrollo/clivox/clivox-admin/src/components/ui/radio-group.tsx'.
  The file is in the program because:
    Matched by include pattern 'src' in 'C:/GBerton2025/Desarrollo/clivox/clivox-admin/tsconfig.json'
error TS6305: Output file 'C:/GBerton2025/Desarrollo/clivox/clivox-admin/src/components/ui/resizable.d.ts' has not been built from source file 'C:/GBerton2025/Desarrollo/clivox/clivox-admin/src/components/ui/resizable.tsx'.
  The file is in the program because:
    Matched by include pattern 'src' in 'C:/GBerton2025/Desarrollo/clivox/clivox-admin/tsconfig.json'
error TS6305: Output file 'C:/GBerton2025/Desarrollo/clivox/clivox-admin/src/components/ui/scroll-area.d.ts' has not been built from source file 'C:/GBerton2025/Desarrollo/clivox/clivox-admin/src/components/ui/scroll-area.tsx'.
  The file is in the program because:
    Matched by include pattern 'src' in 'C:/GBerton2025/Desarrollo/clivox/clivox-admin/tsconfig.json'
error TS6305: Output file 'C:/GBerton2025/Desarrollo/clivox/clivox-admin/src/components/ui/select.d.ts' has not been built from source file 'C:/GBerton2025/Desarrollo/clivox/clivox-admin/src/components/ui/select.tsx'.
  The file is in the program because:
    Matched by include pattern 'src' in 'C:/GBerton2025/Desarrollo/clivox/clivox-admin/tsconfig.json'
error TS6305: Output file 'C:/GBerton2025/Desarrollo/clivox/clivox-admin/src/components/ui/selectNUE.d.ts' has not been built from source file 'C:/GBerton2025/Desarrollo/clivox/clivox-admin/src/components/ui/selectNUE.tsx'.
  The file is in the program because:
    Matched by include pattern 'src' in 'C:/GBerton2025/Desarrollo/clivox/clivox-admin/tsconfig.json'
error TS6305: Output file 'C:/GBerton2025/Desarrollo/clivox/clivox-admin/src/components/ui/separator.d.ts' has not been built from source file 'C:/GBerton2025/Desarrollo/clivox/clivox-admin/src/components/ui/separator.tsx'.
  The file is in the program because:
    Matched by include pattern 'src' in 'C:/GBerton2025/Desarrollo/clivox/clivox-admin/tsconfig.json'
error TS6305: Output file 'C:/GBerton2025/Desarrollo/clivox/clivox-admin/src/components/ui/sheet.d.ts' has not been built from source file 'C:/GBerton2025/Desarrollo/clivox/clivox-admin/src/components/ui/sheet.tsx'.
  The file is in the program because:
    Matched by include pattern 'src' in 'C:/GBerton2025/Desarrollo/clivox/clivox-admin/tsconfig.json'
error TS6305: Output file 'C:/GBerton2025/Desarrollo/clivox/clivox-admin/src/components/ui/sidebar.d.ts' has not been built from source file 'C:/GBerton2025/Desarrollo/clivox/clivox-admin/src/components/ui/sidebar.tsx'.
  The file is in the program because:
    Matched by include pattern 'src' in 'C:/GBerton2025/Desarrollo/clivox/clivox-admin/tsconfig.json'
error TS6305: Output file 'C:/GBerton2025/Desarrollo/clivox/clivox-admin/src/components/ui/skeleton.d.ts' has not been built from source file 'C:/GBerton2025/Desarrollo/clivox/clivox-admin/src/components/ui/skeleton.tsx'.
  The file is in the program because:
    Matched by include pattern 'src' in 'C:/GBerton2025/Desarrollo/clivox/clivox-admin/tsconfig.json'
error TS6305: Output file 'C:/GBerton2025/Desarrollo/clivox/clivox-admin/src/components/ui/slider.d.ts' has not been built from source file 'C:/GBerton2025/Desarrollo/clivox/clivox-admin/src/components/ui/slider.tsx'.
  The file is in the program because:
    Matched by include pattern 'src' in 'C:/GBerton2025/Desarrollo/clivox/clivox-admin/tsconfig.json'
error TS6305: Output file 'C:/GBerton2025/Desarrollo/clivox/clivox-admin/src/components/ui/sonner.d.ts' has not been built from source file 'C:/GBerton2025/Desarrollo/clivox/clivox-admin/src/components/ui/sonner.tsx'.
  The file is in the program because:
    Matched by include pattern 'src' in 'C:/GBerton2025/Desarrollo/clivox/clivox-admin/tsconfig.json'
error TS6305: Output file 'C:/GBerton2025/Desarrollo/clivox/clivox-admin/src/components/ui/switch.d.ts' has not been built from source file 'C:/GBerton2025/Desarrollo/clivox/clivox-admin/src/components/ui/switch.tsx'.
  The file is in the program because:
    Matched by include pattern 'src' in 'C:/GBerton2025/Desarrollo/clivox/clivox-admin/tsconfig.json'
error TS6305: Output file 'C:/GBerton2025/Desarrollo/clivox/clivox-admin/src/components/ui/table.d.ts' has not been built from source file 'C:/GBerton2025/Desarrollo/clivox/clivox-admin/src/components/ui/table.tsx'.
  The file is in the program because:
    Matched by include pattern 'src' in 'C:/GBerton2025/Desarrollo/clivox/clivox-admin/tsconfig.json'
error TS6305: Output file 'C:/GBerton2025/Desarrollo/clivox/clivox-admin/src/components/ui/tabs.d.ts' has not been built from source file 'C:/GBerton2025/Desarrollo/clivox/clivox-admin/src/components/ui/tabs.tsx'.
  The file is in the program because:
    Matched by include pattern 'src' in 'C:/GBerton2025/Desarrollo/clivox/clivox-admin/tsconfig.json'
error TS6305: Output file 'C:/GBerton2025/Desarrollo/clivox/clivox-admin/src/components/ui/textarea.d.ts' has not been built from source file 'C:/GBerton2025/Desarrollo/clivox/clivox-admin/src/components/ui/textarea.tsx'.
  The file is in the program because:
    Matched by include pattern 'src' in 'C:/GBerton2025/Desarrollo/clivox/clivox-admin/tsconfig.json'
error TS6305: Output file 'C:/GBerton2025/Desarrollo/clivox/clivox-admin/src/components/ui/toast.d.ts' has not been built from source file 'C:/GBerton2025/Desarrollo/clivox/clivox-admin/src/components/ui/toast.tsx'.
  The file is in the program because:
    Matched by include pattern 'src' in 'C:/GBerton2025/Desarrollo/clivox/clivox-admin/tsconfig.json'
error TS6305: Output file 'C:/GBerton2025/Desarrollo/clivox/clivox-admin/src/components/ui/toaster.d.ts' has not been built from source file 'C:/GBerton2025/Desarrollo/clivox/clivox-admin/src/components/ui/toaster.tsx'.
  The file is in the program because:
    Matched by include pattern 'src' in 'C:/GBerton2025/Desarrollo/clivox/clivox-admin/tsconfig.json'
error TS6305: Output file 'C:/GBerton2025/Desarrollo/clivox/clivox-admin/src/components/ui/toggle-group.d.ts' has not been built from source file 'C:/GBerton2025/Desarrollo/clivox/clivox-admin/src/components/ui/toggle-group.tsx'.
  The file is in the program because:
    Matched by include pattern 'src' in 'C:/GBerton2025/Desarrollo/clivox/clivox-admin/tsconfig.json'
error TS6305: Output file 'C:/GBerton2025/Desarrollo/clivox/clivox-admin/src/components/ui/toggle.d.ts' has not been built from source file 'C:/GBerton2025/Desarrollo/clivox/clivox-admin/src/components/ui/toggle.tsx'.
  The file is in the program because:
    Matched by include pattern 'src' in 'C:/GBerton2025/Desarrollo/clivox/clivox-admin/tsconfig.json'
error TS6305: Output file 'C:/GBerton2025/Desarrollo/clivox/clivox-admin/src/components/ui/tooltip.d.ts' has not been built from source file 'C:/GBerton2025/Desarrollo/clivox/clivox-admin/src/components/ui/tooltip.tsx'.
  The file is in the program because:
    Matched by include pattern 'src' in 'C:/GBerton2025/Desarrollo/clivox/clivox-admin/tsconfig.json'
error TS6305: Output file 'C:/GBerton2025/Desarrollo/clivox/clivox-admin/src/components/ui/use-mobile.d.ts' has not been built from source file 'C:/GBerton2025/Desarrollo/clivox/clivox-admin/src/components/ui/use-mobile.tsx'.
  The file is in the program because:
    Matched by include pattern 'src' in 'C:/GBerton2025/Desarrollo/clivox/clivox-admin/tsconfig.json'
error TS6305: Output file 'C:/GBerton2025/Desarrollo/clivox/clivox-admin/src/components/ui/use-toast.d.ts' has not been built from source file 'C:/GBerton2025/Desarrollo/clivox/clivox-admin/src/components/ui/use-toast.ts'.
  The file is in the program because:
    Matched by include pattern 'src' in 'C:/GBerton2025/Desarrollo/clivox/clivox-admin/tsconfig.json'
error TS6305: Output file 'C:/GBerton2025/Desarrollo/clivox/clivox-admin/src/components/usuarios_dashboard.d.ts' has not been built from source file 'C:/GBerton2025/Desarrollo/clivox/clivox-admin/src/components/usuarios_dashboard.tsx'.
  The file is in the program because:
    Matched by include pattern 'src' in 'C:/GBerton2025/Desarrollo/clivox/clivox-admin/tsconfig.json'
error TS6305: Output file 'C:/GBerton2025/Desarrollo/clivox/clivox-admin/src/components/validacodigo.d.ts' has not been built from source file 'C:/GBerton2025/Desarrollo/clivox/clivox-admin/src/components/validacodigo.tsx'.
  The file is in the program because:
    Matched by include pattern 'src' in 'C:/GBerton2025/Desarrollo/clivox/clivox-admin/tsconfig.json'
error TS6305: Output file 'C:/GBerton2025/Desarrollo/clivox/clivox-admin/src/layout.d.ts' has not been built from source file 'C:/GBerton2025/Desarrollo/clivox/clivox-admin/src/layout.tsx'.
  The file is in the program because:
    Matched by include pattern 'src' in 'C:/GBerton2025/Desarrollo/clivox/clivox-admin/tsconfig.json'
error TS6305: Output file 'C:/GBerton2025/Desarrollo/clivox/clivox-admin/src/lib/utils.d.ts' has not been built from source file 'C:/GBerton2025/Desarrollo/clivox/clivox-admin/src/lib/utils.ts'.
  The file is in the program because:
    Matched by include pattern 'src' in 'C:/GBerton2025/Desarrollo/clivox/clivox-admin/tsconfig.json'
error TS6305: Output file 'C:/GBerton2025/Desarrollo/clivox/clivox-admin/src/main.d.ts' has not been built from source file 'C:/GBerton2025/Desarrollo/clivox/clivox-admin/src/main.tsx'.
  The file is in the program because:
    Matched by include pattern 'src' in 'C:/GBerton2025/Desarrollo/clivox/clivox-admin/tsconfig.json'
error TS6305: Output file 'C:/GBerton2025/Desarrollo/clivox/clivox-admin/src/test-color.d.ts' has not been built from source file 'C:/GBerton2025/Desarrollo/clivox/clivox-admin/src/test-color.tsx'.
  The file is in the program because:
    Matched by include pattern 'src' in 'C:/GBerton2025/Desarrollo/clivox/clivox-admin/tsconfig.json'
tsconfig.json(40,5): error TS6306: Referenced project 'C:/GBerton2025/Desarrollo/clivox/clivox-admin/tsconfig.app.json' must have setting "composite": true.
tsconfig.json(40,5): error TS6310: Referenced project 'C:/GBerton2025/Desarrollo/clivox/clivox-admin/tsconfig.app.json' may not disable emit.
